OziExplorer Map Data File Version 2.2
100k--k38-039.gif
100k--k38-039.gif
1 ,Map Code,
Pulkovo 1942 (2),WGS 84,   0.0000,   0.0000,WGS 84
Reserved 1
Reserved 2
Magnetic Variation,,,E
Map Projection,Transverse Mercator,PolyCal,No,AutoCalOnly,No,BSBUseWPX,No
Point01,xy,   82,   72,in, deg,  43,  0.0000,N,  43,  0.0000,E, grid,   ,           ,           ,N
Point02,xy, 1285,   74,in, deg,  43,  0.0000,N,  43, 15.0000,E, grid,   ,           ,           ,N
Point03,xy, 2490,   70,in, deg,  43,  0.0000,N,  43, 30.0000,E, grid,   ,           ,           ,N
Point04,xy,   78, 1165,in, deg,  42, 50.0000,N,  43,  0.0000,E, grid,   ,           ,           ,N
Point05,xy, 1285, 1166,in, deg,  42, 50.0000,N,  43, 15.0000,E, grid,   ,           ,           ,N
Point06,xy, 2493, 1164,in, deg,  42, 50.0000,N,  43, 30.0000,E, grid,   ,           ,           ,N
Point07,xy,   75, 2263,in, deg,  42, 40.0000,N,  43,  0.0000,E, grid,   ,           ,           ,N
Point08,xy, 1285, 2263,in, deg,  42, 40.0000,N,  43, 15.0000,E, grid,   ,           ,           ,N
Point09,xy, 2498, 2261,in, deg,  42, 40.0000,N,  43, 30.0000,E, grid,   ,           ,           ,N
Point10,xy,     ,     ,in, deg,    ,        ,N,    ,        ,W, grid,   ,           ,           ,N
Point11,xy,     ,     ,in, deg,    ,        ,N,    ,        ,W, grid,   ,           ,           ,N
Point12,xy,     ,     ,in, deg,    ,        ,N,    ,        ,W, grid,   ,           ,           ,N
Point13,xy,     ,     ,in, deg,    ,        ,N,    ,        ,W, grid,   ,           ,           ,N
Point14,xy,     ,     ,in, deg,    ,        ,N,    ,        ,W, grid,   ,           ,           ,N
Point15,xy,     ,     ,in, deg,    ,        ,N,    ,        ,W, grid,   ,           ,           ,N
Point16,xy,     ,     ,in, deg,    ,        ,N,    ,        ,W, grid,   ,           ,           ,N
Point17,xy,     ,     ,in, deg,    ,        ,N,    ,        ,W, grid,   ,           ,           ,N
Point18,xy,     ,     ,in, deg,    ,        ,N,    ,        ,W, grid,   ,           ,           ,N
Point19,xy,     ,     ,in, deg,    ,        ,N,    ,        ,W, grid,   ,           ,           ,N
Point20,xy,     ,     ,in, deg,    ,        ,N,    ,        ,W, grid,   ,           ,           ,N
Point21,xy,     ,     ,in, deg,    ,        ,N,    ,        ,W, grid,   ,           ,           ,N
Point22,xy,     ,     ,in, deg,    ,        ,N,    ,        ,W, grid,   ,           ,           ,N
Point23,xy,     ,     ,in, deg,    ,        ,N,    ,        ,W, grid,   ,           ,           ,N
Point24,xy,     ,     ,in, deg,    ,        ,N,    ,        ,W, grid,   ,           ,           ,N
Point25,xy,     ,     ,in, deg,    ,        ,N,    ,        ,W, grid,   ,           ,           ,N
Point26,xy,     ,     ,in, deg,    ,        ,N,    ,        ,W, grid,   ,           ,           ,N
Point27,xy,     ,     ,in, deg,    ,        ,N,    ,        ,W, grid,   ,           ,           ,N
Point28,xy,     ,     ,in, deg,    ,        ,N,    ,        ,W, grid,   ,           ,           ,N
Point29,xy,     ,     ,in, deg,    ,        ,N,    ,        ,W, grid,   ,           ,           ,N
Point30,xy,     ,     ,in, deg,    ,        ,N,    ,        ,W, grid,   ,           ,           ,N
Projection Setup,     0.000000000,    45.000000000,     1.000000000,       500000.00,            0.00,,,,,
Map Feature = MF ; Map Comment = MC     These follow if they exist
Track File = TF      These follow if they exist
Moving Map Parameters = MM?    These follow if they exist
MM0,Yes
MMPNUM,4
MMPXY,1,82,72
MMPXY,2,2490,70
MMPXY,3,2498,2261
MMPXY,4,75,2263
MMPLL,1,  43.000000,  43.000000
MMPLL,2,  43.500000,  43.000000
MMPLL,3,  43.500000,  42.666667
MMPLL,4,  43.000000,  42.666667
MM1B,15.886647
MOP,Map Open Position,0,0
IWH,Map Image Width/Height,2568,2329